// 重构日志: 4b27fb08
// 重构日志: d8293cb8
// 重构日志: 4cf019b4
// 重构日志: deeb2c3b
// 重构日志: e40fb87f
// 同步 ID: 041a1329 @ Thu Jul 23 21:12:06 UTC 2026
// 同步 ID: d18b078f @ Fri Jul 24 08:44:38 UTC 2026
// 重构日志: 0d36ab9e
// 重构日志: 09453c71
// 重构日志: 16302b96
// 重构日志: 14c80a51
// 同步 ID: 19229dc1 @ Fri Jul 31 13:00:39 UTC 2026
// 重构日志: 27a15fac
// 同步 ID: 1f55fbf0 @ Sat Aug  1 02:06:07 UTC 2026
// 同步 ID: 649a17a3 @ Sat Aug  1 11:06:33 UTC 2026
// 同步 ID: 120d1cf9 @ Sat Aug  1 16:04:35 UTC 2026
// 同步 ID: fa122e09 @ Sat Aug  1 17:31:05 UTC 2026
// 重构日志: 06639597
// 重构日志: 1119c483
// 同步 ID: 613d1dfc @ Sun Aug  2 08:43:45 UTC 2026
// 重构日志: 88190913
// 重构日志: da6c4402
// 同步 ID: 004bc318 @ Mon Aug  3 13:27:10 UTC 2026
// 重构日志: e2161add
// 重构日志: 8533cb47
// 重构日志: 2becf148
// 同步 ID: 89adaabd @ Thu Aug  6 13:18:27 UTC 2026
// 同步 ID: 098defda @ Fri Aug  7 01:22:30 UTC 2026
// 重构日志: 72c4387c
// 同步 ID: e79981ca @ Fri Aug  7 10:14:43 UTC 2026
